Scope: all 14 workspace projects
Lockfile is up to date, resolution step is skipped
Progress: resolved 1, reused 0, downloaded 0, added 0
Packages: +1157
++++++++++++++++++++++++++++++++++++++++++++++++++++++++++++++++++++++++++++++++
Progress: resolved 1157, reused 1146, downloaded 0, added 178
Progress: resolved 1157, reused 1146, downloaded 0, added 767
Progress: resolved 1157, reused 1146, downloaded 0, added 1040
Progress: resolved 1157, reused 1146, downloaded 0, added 1152
Progress: resolved 1157, reused 1146, downloaded 0, added 1155
Progress: resolved 1157, reused 1146, downloaded 0, added 1157, done
.../core-js@3.50.0/node_modules/core-js postinstall$ node -e "try{require('./postinstall')}catch(e){}"
.../sharp@0.34.5/node_modules/sharp install$ node install/check.js || npm run build
.../node_modules/@sentry/cli postinstall$ node ./scripts/install.js
.../node_modules/@sentry/cli postinstall$ node ./scripts/install.js
.../core-js@3.50.0/node_modules/core-js postinstall: Thank you for using core-js ( https://github.com/zloirock/core-js ) for polyfilling JavaScript standard library!
.../core-js@3.50.0/node_modules/core-js postinstall: The project needs your help! Please consider supporting core-js:
.../core-js@3.50.0/node_modules/core-js postinstall: > https://opencollective.com/core-js 
.../core-js@3.50.0/node_modules/core-js postinstall: > https://patreon.com/zloirock 
.../core-js@3.50.0/node_modules/core-js postinstall: > https://boosty.to/zloirock 
.../core-js@3.50.0/node_modules/core-js postinstall: > bitcoin: bc1qlea7544qtsmj2rayg0lthvza9fau63ux0fstcz 
.../core-js@3.50.0/node_modules/core-js postinstall: I highly recommend reading this: https://github.com/zloirock/core-js/blob/master/docs/2023-02-14-so-whats-next.md 
.../core-js@3.50.0/node_modules/core-js postinstall: Done
.../node_modules/@sentry/cli postinstall: Done
.../node_modules/@sentry/cli postinstall: Done
.../sharp@0.34.5/node_modules/sharp install: Done

dependencies:
+ e2b 2.38.0

devDependencies:
+ playwright 1.62.1

apps/packages/product-client prepare$ node scripts/copy-product-client-assets.mjs
apps/packages/product-client prepare: [copy-product-client-assets] synced agent catalog (minified) -> apps/packages/product-client/src/generated/agent-catalog.json
apps/packages/product-client prepare: [copy-product-client-assets] synced agent registry (minified) -> apps/packages/product-client/src/generated/agent-registry.json
apps/packages/product-client prepare: Done
Done in 7.1s using pnpm v11.2.2
